# Quality snapshot for soothe. Regenerate deliberately:
#   SDSP_UPDATE_SNAPSHOTS=1 cargo test -p superduper-soothe --test quality
# A change here is a change in how the plugin sounds.
impulse_peak_db = -0.007
impulse_rms_db = -45.161
noise_band_air = 0.000
noise_band_body = -15.179
noise_band_kick = -18.238
noise_band_low = -15.910
noise_band_mid = -10.603
noise_band_presence = -7.061
noise_band_sub = -20.983
noise_gain_db = -1.420
noise_max_step = 0.632
param_00_amount_default = 6.000
param_00_amount_max = 24.000
param_00_amount_min = 0.000
param_01_sens_default = -6.000
param_01_sens_max = 0.000
param_01_sens_min = -24.000
param_02_q_default = 5.000
param_02_q_max = 12.000
param_02_q_min = 2.000
param_03_lo_default = 300.000
param_03_lo_max = 2000.000
param_03_lo_min = 100.000
param_04_hi_default = 10000.000
param_04_hi_max = 16000.000
param_04_hi_min = 3000.000
param_05_attack_default = 5.000
param_05_attack_max = 30.000
param_05_attack_min = 0.500
param_06_release_default = 80.000
param_06_release_max = 500.000
param_06_release_min = 10.000
param_07_mix_default = 1.000
param_07_mix_max = 1.000
param_07_mix_min = 0.000
param_08_output_default = 0.000
param_08_output_max = 24.000
param_08_output_min = -24.000
param_09_mode_default = 1.000
param_09_mode_max = 2.000
param_09_mode_min = 0.000
params_count = 10.000
tone_band_air = -72.197
tone_band_body = -77.952
tone_band_kick = -93.397
tone_band_low = -89.161
tone_band_mid = 0.000
tone_band_presence = -76.898
tone_band_sub = -94.880
tone_gain_db = -7.348
tone_peak_db = -6.200
tone_thd_db = -92.022
