# Quality snapshot for compressor. Regenerate deliberately:
#   SDSP_UPDATE_SNAPSHOTS=1 cargo test -p superduper-compressor --test quality
# A change here is a change in how the plugin sounds.
impulse_peak_db = -0.000
impulse_rms_db = -45.155
noise_band_air = 0.000
noise_band_body = -12.582
noise_band_kick = -19.625
noise_band_low = -17.094
noise_band_mid = -7.510
noise_band_presence = -4.409
noise_band_sub = -22.138
noise_gain_db = -4.085
noise_max_step = 0.571
param_00_threshold_default = -18.000
param_00_threshold_max = 0.000
param_00_threshold_min = -60.000
param_01_ratio_default = 4.000
param_01_ratio_max = 20.000
param_01_ratio_min = 1.000
param_02_attack_default = 10.000
param_02_attack_max = 100.000
param_02_attack_min = 0.100
param_03_release_default = 120.000
param_03_release_max = 1000.000
param_03_release_min = 5.000
param_04_knee_default = 6.000
param_04_knee_max = 18.000
param_04_knee_min = 0.000
param_05_makeup_default = 0.000
param_05_makeup_max = 24.000
param_05_makeup_min = -12.000
param_06_sc_hpf_default = 1.000
param_06_sc_hpf_max = 3.000
param_06_sc_hpf_min = 0.000
param_07_mix_default = 1.000
param_07_mix_max = 1.000
param_07_mix_min = 0.000
param_08_auto_rel_default = 1.000
param_08_auto_rel_max = 1.000
param_08_auto_rel_min = 0.000
param_09_lookahead_default = 2.000
param_09_lookahead_max = 15.000
param_09_lookahead_min = 0.000
param_10_ceiling_default = 0.000
param_10_ceiling_max = 0.000
param_10_ceiling_min = -12.000
param_11_link_default = 1.000
param_11_link_max = 1.000
param_11_link_min = 0.000
param_12_os_default = 0.000
param_12_os_max = 2.000
param_12_os_min = 0.000
param_13_curve_default = 0.000
param_13_curve_max = 2.000
param_13_curve_min = 0.000
param_14_range_default = 0.000
param_14_range_max = 36.000
param_14_range_min = 0.000
param_15_hold_default = 0.000
param_15_hold_max = 500.000
param_15_hold_min = 0.000
param_16_m/s_default = 0.000
param_16_m/s_max = 1.000
param_16_m/s_min = 0.000
params_count = 17.000
tone_band_air = -71.964
tone_band_body = -69.522
tone_band_kick = -82.521
tone_band_low = -79.248
tone_band_mid = 0.000
tone_band_presence = -69.332
tone_band_sub = -83.398
tone_gain_db = -8.095
tone_peak_db = -6.021
tone_thd_db = -77.725
