# Quality snapshot for lineq. Regenerate deliberately:
#   SDSP_UPDATE_SNAPSHOTS=1 cargo test -p superduper-lineq --test quality
# A change here is a change in how the plugin sounds.
impulse_peak_db = -0.000
impulse_rms_db = -45.155
noise_band_air = 0.000
noise_band_body = -12.074
noise_band_kick = -21.194
noise_band_low = -17.187
noise_band_mid = -7.406
noise_band_presence = -4.541
noise_band_sub = -21.585
noise_gain_db = -0.143
noise_max_step = 0.593
param_00_low_freq_default = 120.000
param_00_low_freq_max = 500.000
param_00_low_freq_min = 30.000
param_01_low_gain_default = 0.000
param_01_low_gain_max = 15.000
param_01_low_gain_min = -15.000
param_02_mid_freq_default = 1000.000
param_02_mid_freq_max = 5000.000
param_02_mid_freq_min = 200.000
param_03_mid_gain_default = 0.000
param_03_mid_gain_max = 15.000
param_03_mid_gain_min = -15.000
param_04_mid_q_default = 0.700
param_04_mid_q_max = 6.000
param_04_mid_q_min = 0.300
param_05_high_freq_default = 8000.000
param_05_high_freq_max = 18000.000
param_05_high_freq_min = 2000.000
param_06_high_gain_default = 0.000
param_06_high_gain_max = 15.000
param_06_high_gain_min = -15.000
param_07_hp_default = 0.000
param_07_hp_max = 500.000
param_07_hp_min = 0.000
param_08_lp_default = 0.000
param_08_lp_max = 22000.000
param_08_lp_min = 0.000
param_09_output_default = 0.000
param_09_output_max = 12.000
param_09_output_min = -12.000
params_count = 10.000
tone_band_air = -67.054
tone_band_body = -38.476
tone_band_kick = -51.496
tone_band_low = -48.247
tone_band_mid = 0.000
tone_band_presence = -55.894
tone_band_sub = -52.345
tone_gain_db = -0.138
tone_peak_db = -6.021
tone_thd_db = -99.506
