# Quality snapshot for formant. Regenerate deliberately:
#   SDSP_UPDATE_SNAPSHOTS=1 cargo test -p superduper-formant --test quality
# A change here is a change in how the plugin sounds.
impulse_peak_db = -17.520
impulse_rms_db = -53.952
noise_band_air = -11.398
noise_band_body = -4.932
noise_band_kick = -34.017
noise_band_low = -25.778
noise_band_mid = -1.776
noise_band_presence = 0.000
noise_band_sub = -44.197
noise_gain_db = -8.810
noise_max_step = 0.096
param_00_f1_default = 700.000
param_00_f1_max = 1200.000
param_00_f1_min = 200.000
param_01_f2_default = 1200.000
param_01_f2_max = 3000.000
param_01_f2_min = 600.000
param_02_f3_default = 2600.000
param_02_f3_max = 4200.000
param_02_f3_min = 1500.000
param_03_width_default = 1.000
param_03_width_max = 4.000
param_03_width_min = 0.250
param_04_shift_default = 0.000
param_04_shift_max = 12.000
param_04_shift_min = -12.000
param_05_mode_default = 0.000
param_05_mode_max = 2.000
param_05_mode_min = 0.000
param_06_follow_default = 1.000
param_06_follow_max = 1.000
param_06_follow_min = 0.000
param_07_glide_default = 40.000
param_07_glide_max = 500.000
param_07_glide_min = 2.000
param_08_path_default = 0.000
param_08_path_max = 4.000
param_08_path_min = 0.000
param_09_rate_default = 0.500
param_09_rate_max = 8.000
param_09_rate_min = 0.050
param_10_sync_default = 0.000
param_10_sync_max = 1.000
param_10_sync_min = 0.000
param_11_div_default = 6.000
param_11_div_max = 11.000
param_11_div_min = 0.000
param_12_depth_default = 0.500
param_12_depth_max = 1.000
param_12_depth_min = 0.000
param_13_stereo_default = 0.000
param_13_stereo_max = 1.000
param_13_stereo_min = 0.000
param_14_drive_default = 0.000
param_14_drive_max = 1.000
param_14_drive_min = 0.000
param_15_mix_default = 1.000
param_15_mix_max = 1.000
param_15_mix_min = 0.000
param_16_output_default = 0.000
param_16_output_max = 24.000
param_16_output_min = -24.000
param_17_preset_default = 0.000
param_17_preset_max = 12.000
param_17_preset_min = 0.000
params_count = 18.000
tone_band_air = -74.806
tone_band_body = -64.646
tone_band_kick = -96.350
tone_band_low = -93.340
tone_band_mid = 0.000
tone_band_presence = -44.645
tone_band_sub = -97.142
tone_gain_db = -5.573
tone_peak_db = -6.952
tone_thd_db = -44.646
