# Quality snapshot for formant. Regenerate deliberately:
#   SDSP_UPDATE_SNAPSHOTS=1 cargo test -p superduper-formant --test quality
# A change here is a change in how the plugin sounds.
impulse_peak_db = -17.520
impulse_rms_db = -53.952
noise_band_air = -11.398
noise_band_body = -4.932
noise_band_kick = -34.017
noise_band_low = -25.778
noise_band_mid = -1.776
noise_band_presence = 0.000
noise_band_sub = -44.197
noise_gain_db = -8.810
noise_max_step = 0.096
tone_band_air = -74.806
tone_band_body = -64.646
tone_band_kick = -96.350
tone_band_low = -93.340
tone_band_mid = 0.000
tone_band_presence = -44.645
tone_band_sub = -97.142
tone_gain_db = -5.573
tone_peak_db = -6.952
tone_thd_db = -44.646
