# Quality snapshot for granular. Regenerate deliberately:
#   SDSP_UPDATE_SNAPSHOTS=1 cargo test -p superduper-granular --test quality
# A change here is a change in how the plugin sounds.
impulse_peak_db = -240.000
impulse_rms_db = -240.000
noise_band_air = 0.000
noise_band_body = -12.502
noise_band_kick = -21.533
noise_band_low = -18.523
noise_band_mid = -7.671
noise_band_presence = -4.543
noise_band_sub = -22.325
noise_gain_db = -224.777
noise_max_step = 0.000
param_00_density_default = 20.000
param_00_density_max = 200.000
param_00_density_min = 0.500
param_01_size_default = 80.000
param_01_size_max = 500.000
param_01_size_min = 5.000
param_02_spray_default = 0.200
param_02_spray_max = 1.000
param_02_spray_min = 0.000
param_03_position_default = 0.050
param_03_position_max = 1.000
param_03_position_min = 0.000
param_04_pitch_default = 0.000
param_04_pitch_max = 24.000
param_04_pitch_min = -24.000
param_05_jitter_default = 0.000
param_05_jitter_max = 12.000
param_05_jitter_min = 0.000
param_06_spread_default = 0.500
param_06_spread_max = 1.000
param_06_spread_min = 0.000
param_07_reverse_default = 0.000
param_07_reverse_max = 1.000
param_07_reverse_min = 0.000
param_08_freeze_default = 0.000
param_08_freeze_max = 1.000
param_08_freeze_min = 0.000
param_09_feedback_default = 0.000
param_09_feedback_max = 0.950
param_09_feedback_min = 0.000
param_10_shape_default = 0.000
param_10_shape_max = 2.000
param_10_shape_min = 0.000
param_11_sync_default = 0.000
param_11_sync_max = 1.000
param_11_sync_min = 0.000
param_12_div_default = 10.000
param_12_div_max = 11.000
param_12_div_min = 0.000
param_13_mix_default = 1.000
param_13_mix_max = 1.000
param_13_mix_min = 0.000
param_14_output_default = 0.000
param_14_output_max = 24.000
param_14_output_min = -24.000
param_15_preset_default = 0.000
param_15_preset_max = 9.000
param_15_preset_min = 0.000
params_count = 16.000
tone_band_air = 0.000
tone_band_body = -12.502
tone_band_kick = -21.533
tone_band_low = -18.523
tone_band_mid = -7.671
tone_band_presence = -4.543
tone_band_sub = -22.325
tone_gain_db = -230.969
tone_peak_db = -240.000
tone_thd_db = 8.451
