# Quality snapshot for looper. Regenerate deliberately:
#   SDSP_UPDATE_SNAPSHOTS=1 cargo test -p superduper-looper --test quality
# A change here is a change in how the plugin sounds.
impulse_peak_db = 0.000
impulse_rms_db = -45.154
noise_band_air = 0.000
noise_band_body = -12.692
noise_band_kick = -19.786
noise_band_low = -17.271
noise_band_mid = -7.555
noise_band_presence = -4.386
noise_band_sub = -22.586
noise_gain_db = 0.000
noise_max_step = 0.593
param_00_sync_default = 1.000
param_00_sync_max = 1.000
param_00_sync_min = 0.000
param_01_bars_default = 0.000
param_01_bars_max = 16.000
param_01_bars_min = 0.000
param_02_dry_default = 1.000
param_02_dry_max = 1.000
param_02_dry_min = 0.000
param_03_master_default = 0.000
param_03_master_max = 6.000
param_03_master_min = -36.000
param_04_t1_level_default = 1.000
param_04_t1_level_max = 1.500
param_04_t1_level_min = 0.000
param_05_t1_feedback_default = 1.000
param_05_t1_feedback_max = 1.000
param_05_t1_feedback_min = 0.000
param_06_t1_mute_default = 0.000
param_06_t1_mute_max = 1.000
param_06_t1_mute_min = 0.000
param_07_t2_level_default = 1.000
param_07_t2_level_max = 1.500
param_07_t2_level_min = 0.000
param_08_t2_feedback_default = 1.000
param_08_t2_feedback_max = 1.000
param_08_t2_feedback_min = 0.000
param_09_t2_mute_default = 0.000
param_09_t2_mute_max = 1.000
param_09_t2_mute_min = 0.000
param_10_t3_level_default = 1.000
param_10_t3_level_max = 1.500
param_10_t3_level_min = 0.000
param_11_t3_feedback_default = 1.000
param_11_t3_feedback_max = 1.000
param_11_t3_feedback_min = 0.000
param_12_t3_mute_default = 0.000
param_12_t3_mute_max = 1.000
param_12_t3_mute_min = 0.000
param_13_t4_level_default = 1.000
param_13_t4_level_max = 1.500
param_13_t4_level_min = 0.000
param_14_t4_feedback_default = 1.000
param_14_t4_feedback_max = 1.000
param_14_t4_feedback_min = 0.000
param_15_t4_mute_default = 0.000
param_15_t4_mute_max = 1.000
param_15_t4_mute_min = 0.000
params_count = 16.000
tone_band_air = -79.294
tone_band_body = -80.699
tone_band_kick = -101.937
tone_band_low = -98.781
tone_band_mid = 0.000
tone_band_presence = -83.629
tone_band_sub = -102.729
tone_gain_db = 0.000
tone_peak_db = -6.021
tone_thd_db = -99.508
