# Quality snapshot for supermass. Regenerate deliberately:
#   SDSP_UPDATE_SNAPSHOTS=1 cargo test -p superduper-supermass --test quality
# A change here is a change in how the plugin sounds.
impulse_peak_db = -3.098
impulse_rms_db = -48.252
noise_band_air = 0.000
noise_band_body = -12.688
noise_band_kick = -19.790
noise_band_low = -17.273
noise_band_mid = -7.556
noise_band_presence = -4.385
noise_band_sub = -22.582
noise_gain_db = -3.098
noise_max_step = 0.415
param_00_mix_default = 0.300
param_00_mix_max = 1.000
param_00_mix_min = 0.000
param_01_width_default = 1.000
param_01_width_max = 1.000
param_01_width_min = 0.000
param_02_drive_default = 0.000
param_02_drive_max = 1.000
param_02_drive_min = 0.000
param_03_tilt_default = 0.000
param_03_tilt_max = 1.000
param_03_tilt_min = -1.000
param_04_duck_amount_default = 0.000
param_04_duck_amount_max = 24.000
param_04_duck_amount_min = 0.000
param_05_duck_attack_default = 5.000
param_05_duck_attack_max = 200.000
param_05_duck_attack_min = 1.000
param_06_duck_release_default = 200.000
param_06_duck_release_max = 1000.000
param_06_duck_release_min = 10.000
params_count = 7.000
tone_band_air = -76.770
tone_band_body = -73.534
tone_band_kick = -86.206
tone_band_low = -86.537
tone_band_mid = 0.000
tone_band_presence = -81.098
tone_band_sub = -92.066
tone_gain_db = -3.109
tone_peak_db = -9.046
tone_thd_db = -96.396
