# Quality snapshot for wind. Regenerate deliberately:
#   SDSP_UPDATE_SNAPSHOTS=1 cargo test -p superduper-wind --test quality
# A change here is a change in how the plugin sounds.
impulse_peak_db = -240.000
impulse_rms_db = -240.000
noise_band_air = 0.000
noise_band_body = -12.502
noise_band_kick = -21.533
noise_band_low = -18.523
noise_band_mid = -7.671
noise_band_presence = -4.543
noise_band_sub = -22.325
noise_gain_db = -224.777
noise_max_step = 0.000
param_00_mode_default = 0.000
param_00_mode_max = 1.000
param_00_mode_min = 0.000
param_01_breath_default = 0.500
param_01_breath_max = 1.000
param_01_breath_min = 0.000
param_02_jitter_default = 0.150
param_02_jitter_max = 1.000
param_02_jitter_min = 0.000
param_03_shimmer_default = 0.150
param_03_shimmer_max = 1.000
param_03_shimmer_min = 0.000
param_04_tone_default = 0.400
param_04_tone_max = 1.000
param_04_tone_min = 0.000
param_05_formant_default = 0.000
param_05_formant_max = 12.000
param_05_formant_min = -12.000
param_06_attack_default = 90.000
param_06_attack_max = 3000.000
param_06_attack_min = 1.000
param_07_release_default = 350.000
param_07_release_max = 4000.000
param_07_release_min = 1.000
param_08_chiff_default = 0.250
param_08_chiff_max = 1.000
param_08_chiff_min = 0.000
param_09_color_default = 0.400
param_09_color_max = 1.000
param_09_color_min = 0.000
param_10_howl_default = 0.200
param_10_howl_max = 1.000
param_10_howl_min = 0.000
param_11_mix_default = 0.500
param_11_mix_max = 1.000
param_11_mix_min = 0.000
param_12_output_default = 0.000
param_12_output_max = 24.000
param_12_output_min = -24.000
param_13_bend_range_default = 2.000
param_13_bend_range_max = 24.000
param_13_bend_range_min = 0.000
param_14_gust_default = 0.300
param_14_gust_max = 1.000
param_14_gust_min = 0.000
param_15_whistle_default = 0.000
param_15_whistle_max = 1.000
param_15_whistle_min = 0.000
param_16_preset_default = 1.000
param_16_preset_max = 6.000
param_16_preset_min = 0.000
params_count = 17.000
tone_band_air = 0.000
tone_band_body = -12.502
tone_band_kick = -21.533
tone_band_low = -18.523
tone_band_mid = -7.671
tone_band_presence = -4.543
tone_band_sub = -22.325
tone_gain_db = -230.969
tone_peak_db = -240.000
tone_thd_db = 8.451
