# Quality snapshot for wave. Regenerate deliberately:
#   SDSP_UPDATE_SNAPSHOTS=1 cargo test -p superduper-wave --test quality
# A change here is a change in how the plugin sounds.
note36_band_air = -28.255
note36_band_body = -15.729
note36_band_kick = -9.621
note36_band_low = -9.898
note36_band_mid = -20.879
note36_band_presence = -22.739
note36_band_sub = 0.000
note36_max_step = 0.033
note36_peak_db = -16.131
note36_rms_db = -23.613
note48_band_air = -32.005
note48_band_body = -8.622
note48_band_kick = 0.000
note48_band_low = -9.046
note48_band_mid = -18.133
note48_band_presence = -26.317
note48_band_sub = -2.598
note48_max_step = 0.018
note48_peak_db = -16.127
note48_rms_db = -23.595
note60_band_air = -37.398
note60_band_body = -6.291
note60_band_kick = -10.156
note60_band_low = 0.000
note60_band_mid = -15.139
note60_band_presence = -23.214
note60_band_sub = -9.620
note60_max_step = 0.020
note60_peak_db = -16.101
note60_rms_db = -23.561
note72_band_air = -31.685
note72_band_body = 0.000
note72_band_kick = -68.728
note72_band_low = -13.542
note72_band_mid = -9.521
note72_band_presence = -22.769
note72_band_sub = -10.098
note72_max_step = 0.030
note72_peak_db = -16.140
note72_rms_db = -23.609
