# Quality snapshot for vocoder. Regenerate deliberately:
#   SDSP_UPDATE_SNAPSHOTS=1 cargo test -p superduper-vocoder --test quality
# A change here is a change in how the plugin sounds.
impulse_peak_db = -51.401
impulse_rms_db = -73.221
noise_band_air = -6.716
noise_band_body = -3.172
noise_band_kick = -4.491
noise_band_low = 0.000
noise_band_mid = -6.511
noise_band_presence = -8.091
noise_band_sub = -27.452
noise_gain_db = -24.747
noise_max_step = 0.025
param_00_attack_default = 3.000
param_00_attack_max = 50.000
param_00_attack_min = 0.500
param_01_release_default = 25.000
param_01_release_max = 300.000
param_01_release_min = 5.000
param_02_source_default = 0.000
param_02_source_max = 1.000
param_02_source_min = 0.000
param_03_wave_default = 0.000
param_03_wave_max = 3.000
param_03_wave_min = 0.000
param_04_pitch_default = 0.000
param_04_pitch_max = 24.000
param_04_pitch_min = -24.000
param_05_detune_default = 0.000
param_05_detune_max = 25.000
param_05_detune_min = 0.000
param_06_formant_default = 0.000
param_06_formant_max = 12.000
param_06_formant_min = -12.000
param_07_unvoiced_default = 0.150
param_07_unvoiced_max = 1.000
param_07_unvoiced_min = 0.000
param_08_drive_default = 0.000
param_08_drive_max = 1.000
param_08_drive_min = 0.000
param_09_mix_default = 1.000
param_09_mix_max = 1.000
param_09_mix_min = 0.000
param_10_output_default = 0.000
param_10_output_max = 24.000
param_10_output_min = -24.000
param_11_bands_default = 1.000
param_11_bands_max = 2.000
param_11_bands_min = 0.000
param_12_pitch_src_default = 0.000
param_12_pitch_src_max = 2.000
param_12_pitch_src_min = 0.000
param_13_mode_default = 0.000
param_13_mode_max = 1.000
param_13_mode_min = 0.000
param_14_detail_default = 1.000
param_14_detail_max = 3.000
param_14_detail_min = 0.000
params_count = 15.000
tone_band_air = -58.928
tone_band_body = -14.212
tone_band_kick = -49.620
tone_band_low = -41.666
tone_band_mid = 0.000
tone_band_presence = -36.055
tone_band_sub = -65.780
tone_gain_db = -8.093
tone_peak_db = -10.742
tone_thd_db = -30.275
