# Quality snapshot for tune. Regenerate deliberately:
#   SDSP_UPDATE_SNAPSHOTS=1 cargo test -p superduper-tune --test quality
# A change here is a change in how the plugin sounds.
impulse_peak_db = 0.000
impulse_rms_db = -44.185
noise_band_air = 0.000
noise_band_body = -12.914
noise_band_kick = -20.055
noise_band_low = -17.935
noise_band_mid = -7.648
noise_band_presence = -4.400
noise_band_sub = -22.190
noise_gain_db = -2.502
noise_max_step = 0.821
param_00_key_default = 0.000
param_00_key_max = 11.000
param_00_key_min = 0.000
param_01_scale_default = 1.000
param_01_scale_max = 8.000
param_01_scale_min = 0.000
param_02_target_default = 0.000
param_02_target_max = 2.000
param_02_target_min = 0.000
param_03_retune_default = 0.000
param_03_retune_max = 500.000
param_03_retune_min = 0.000
param_04_amount_default = 1.000
param_04_amount_max = 1.000
param_04_amount_min = 0.000
param_05_formant_default = 0.000
param_05_formant_max = 12.000
param_05_formant_min = -12.000
param_06_mix_default = 1.000
param_06_mix_max = 1.000
param_06_mix_min = 0.000
param_07_output_default = 0.000
param_07_output_max = 24.000
param_07_output_min = -24.000
param_08_model_default = 0.000
param_08_model_max = 1.000
param_08_model_min = 0.000
param_09_engine_default = 0.000
param_09_engine_max = 2.000
param_09_engine_min = 0.000
params_count = 10.000
tone_band_air = -44.515
tone_band_body = -30.927
tone_band_kick = -53.432
tone_band_low = -52.201
tone_band_mid = 0.000
tone_band_presence = -40.652
tone_band_sub = -53.210
tone_gain_db = -1.090
tone_peak_db = -3.462
tone_thd_db = -80.251
