# Quality snapshot for tune. Regenerate deliberately:
#   SDSP_UPDATE_SNAPSHOTS=1 cargo test -p superduper-tune --test quality
# A change here is a change in how the plugin sounds.
impulse_peak_db = 0.000
impulse_rms_db = -44.185
noise_band_air = 0.000
noise_band_body = -11.595
noise_band_kick = -19.942
noise_band_low = -19.049
noise_band_mid = -7.900
noise_band_presence = -4.606
noise_band_sub = -20.179
noise_gain_db = -1.608
noise_max_step = 0.593
param_00_key_default = 0.000
param_00_key_max = 11.000
param_00_key_min = 0.000
param_01_scale_default = 1.000
param_01_scale_max = 8.000
param_01_scale_min = 0.000
param_02_target_default = 0.000
param_02_target_max = 2.000
param_02_target_min = 0.000
param_03_retune_default = 0.000
param_03_retune_max = 500.000
param_03_retune_min = 0.000
param_04_amount_default = 1.000
param_04_amount_max = 1.000
param_04_amount_min = 0.000
param_05_formant_default = 0.000
param_05_formant_max = 12.000
param_05_formant_min = -12.000
param_06_mix_default = 1.000
param_06_mix_max = 1.000
param_06_mix_min = 0.000
param_07_output_default = 0.000
param_07_output_max = 24.000
param_07_output_min = -24.000
params_count = 8.000
tone_band_air = -42.455
tone_band_body = -17.802
tone_band_kick = -46.903
tone_band_low = -38.642
tone_band_mid = 0.000
tone_band_presence = -38.531
tone_band_sub = -56.416
tone_gain_db = -0.580
tone_peak_db = -6.021
tone_thd_db = -52.720
