# Quality snapshot for ambient. Regenerate deliberately:
#   SDSP_UPDATE_SNAPSHOTS=1 cargo test -p superduper-ambient --test quality
# A change here is a change in how the plugin sounds.
note36_band_air = -60.057
note36_band_body = -10.284
note36_band_kick = 0.000
note36_band_low = -1.588
note36_band_mid = -42.634
note36_band_presence = -64.600
note36_band_sub = -4.607
note36_max_step = 0.048
note36_peak_db = -17.109
note36_rms_db = -27.215
note48_band_air = -60.057
note48_band_body = -10.284
note48_band_kick = 0.000
note48_band_low = -1.588
note48_band_mid = -42.634
note48_band_presence = -64.600
note48_band_sub = -4.607
note48_max_step = 0.048
note48_peak_db = -17.109
note48_rms_db = -27.215
note60_band_air = -60.057
note60_band_body = -10.284
note60_band_kick = 0.000
note60_band_low = -1.588
note60_band_mid = -42.634
note60_band_presence = -64.600
note60_band_sub = -4.607
note60_max_step = 0.048
note60_peak_db = -17.109
note60_rms_db = -27.215
note72_band_air = -60.057
note72_band_body = -10.284
note72_band_kick = 0.000
note72_band_low = -1.588
note72_band_mid = -42.634
note72_band_presence = -64.600
note72_band_sub = -4.607
note72_max_step = 0.048
note72_peak_db = -17.109
note72_rms_db = -27.215
