# Quality snapshot for drum. Regenerate deliberately:
#   SDSP_UPDATE_SNAPSHOTS=1 cargo test -p superduper-drum --test quality
# A change here is a change in how the plugin sounds.
note36_band_air = -47.046
note36_band_body = -23.736
note36_band_kick = 0.000
note36_band_low = -9.476
note36_band_mid = -37.166
note36_band_presence = -43.444
note36_band_sub = -1.897
note36_max_step = 0.179
note36_peak_db = -7.633
note36_rms_db = -22.833
note48_band_air = -47.046
note48_band_body = -23.736
note48_band_kick = 0.000
note48_band_low = -9.476
note48_band_mid = -37.166
note48_band_presence = -43.444
note48_band_sub = -1.897
note48_max_step = 0.179
note48_peak_db = -7.633
note48_rms_db = -22.833
note60_band_air = -47.046
note60_band_body = -23.736
note60_band_kick = 0.000
note60_band_low = -9.476
note60_band_mid = -37.166
note60_band_presence = -43.444
note60_band_sub = -1.897
note60_max_step = 0.179
note60_peak_db = -7.633
note60_rms_db = -22.833
note72_band_air = -47.046
note72_band_body = -23.736
note72_band_kick = 0.000
note72_band_low = -9.476
note72_band_mid = -37.166
note72_band_presence = -43.444
note72_band_sub = -1.897
note72_max_step = 0.179
note72_peak_db = -7.633
note72_rms_db = -22.833
param_00_kick_tune_default = 0.000
param_00_kick_tune_max = 24.000
param_00_kick_tune_min = -24.000
param_01_kick_decay_default = 0.420
param_01_kick_decay_max = 1.500
param_01_kick_decay_min = 0.050
param_02_kick_level_default = 0.900
param_02_kick_level_max = 1.000
param_02_kick_level_min = 0.000
param_03_kick_pan_default = 0.000
param_03_kick_pan_max = 1.000
param_03_kick_pan_min = -1.000
param_04_snare_tune_default = 0.000
param_04_snare_tune_max = 24.000
param_04_snare_tune_min = -24.000
param_05_snare_decay_default = 0.180
param_05_snare_decay_max = 1.000
param_05_snare_decay_min = 0.050
param_06_snare_level_default = 0.750
param_06_snare_level_max = 1.000
param_06_snare_level_min = 0.000
param_07_snare_pan_default = 0.000
param_07_snare_pan_max = 1.000
param_07_snare_pan_min = -1.000
param_08_hhc_tune_default = 0.000
param_08_hhc_tune_max = 24.000
param_08_hhc_tune_min = -24.000
param_09_hhc_decay_default = 0.080
param_09_hhc_decay_max = 0.500
param_09_hhc_decay_min = 0.020
param_10_hhc_level_default = 0.550
param_10_hhc_level_max = 1.000
param_10_hhc_level_min = 0.000
param_11_hhc_pan_default = 0.300
param_11_hhc_pan_max = 1.000
param_11_hhc_pan_min = -1.000
param_12_hho_tune_default = 0.000
param_12_hho_tune_max = 24.000
param_12_hho_tune_min = -24.000
param_13_hho_decay_default = 0.450
param_13_hho_decay_max = 1.500
param_13_hho_decay_min = 0.100
param_14_hho_level_default = 0.500
param_14_hho_level_max = 1.000
param_14_hho_level_min = 0.000
param_15_hho_pan_default = 0.300
param_15_hho_pan_max = 1.000
param_15_hho_pan_min = -1.000
param_16_clap_tune_default = 0.000
param_16_clap_tune_max = 24.000
param_16_clap_tune_min = -24.000
param_17_clap_decay_default = 0.220
param_17_clap_decay_max = 1.000
param_17_clap_decay_min = 0.050
param_18_clap_level_default = 0.700
param_18_clap_level_max = 1.000
param_18_clap_level_min = 0.000
param_19_clap_pan_default = -0.200
param_19_clap_pan_max = 1.000
param_19_clap_pan_min = -1.000
param_20_cowb_tune_default = 0.000
param_20_cowb_tune_max = 24.000
param_20_cowb_tune_min = -24.000
param_21_cowb_decay_default = 0.400
param_21_cowb_decay_max = 1.500
param_21_cowb_decay_min = 0.050
param_22_cowb_level_default = 0.550
param_22_cowb_level_max = 1.000
param_22_cowb_level_min = 0.000
param_23_cowb_pan_default = 0.200
param_23_cowb_pan_max = 1.000
param_23_cowb_pan_min = -1.000
param_24_drive_default = 0.000
param_24_drive_max = 1.000
param_24_drive_min = 0.000
param_25_master_default = -8.000
param_25_master_max = 6.000
param_25_master_min = -36.000
param_26_note_out_default = 1.000
param_26_note_out_max = 1.000
param_26_note_out_min = 0.000
param_27_preset_default = 0.000
param_27_preset_max = 6.000
param_27_preset_min = 0.000
param_28_note_map_default = 0.000
param_28_note_map_max = 2.000
param_28_note_map_min = 0.000
params_count = 29.000
