# Quality snapshot for drum. Regenerate deliberately:
#   SDSP_UPDATE_SNAPSHOTS=1 cargo test -p superduper-drum --test quality
# A change here is a change in how the plugin sounds.
note36_band_air = -47.046
note36_band_body = -23.736
note36_band_kick = 0.000
note36_band_low = -9.476
note36_band_mid = -37.166
note36_band_presence = -43.444
note36_band_sub = -1.897
note36_max_step = 0.179
note36_peak_db = -7.633
note36_rms_db = -22.833
note48_band_air = -47.046
note48_band_body = -23.736
note48_band_kick = 0.000
note48_band_low = -9.476
note48_band_mid = -37.166
note48_band_presence = -43.444
note48_band_sub = -1.897
note48_max_step = 0.179
note48_peak_db = -7.633
note48_rms_db = -22.833
note60_band_air = -47.046
note60_band_body = -23.736
note60_band_kick = 0.000
note60_band_low = -9.476
note60_band_mid = -37.166
note60_band_presence = -43.444
note60_band_sub = -1.897
note60_max_step = 0.179
note60_peak_db = -7.633
note60_rms_db = -22.833
note72_band_air = -47.046
note72_band_body = -23.736
note72_band_kick = 0.000
note72_band_low = -9.476
note72_band_mid = -37.166
note72_band_presence = -43.444
note72_band_sub = -1.897
note72_max_step = 0.179
note72_peak_db = -7.633
note72_rms_db = -22.833
