# Quality snapshot for filter. Regenerate deliberately:
#   SDSP_UPDATE_SNAPSHOTS=1 cargo test -p superduper-filter --test quality
# A change here is a change in how the plugin sounds.
impulse_peak_db = -15.311
impulse_rms_db = -53.583
noise_band_air = -14.845
noise_band_body = -5.124
noise_band_kick = -12.305
noise_band_low = -9.777
noise_band_mid = 0.000
noise_band_presence = -2.969
noise_band_sub = -15.099
noise_gain_db = -8.289
noise_max_step = 0.073
param_00_type_default = 0.000
param_00_type_max = 3.000
param_00_type_min = 0.000
param_01_cutoff_default = 90.000
param_01_cutoff_max = 127.000
param_01_cutoff_min = 0.000
param_02_reso_default = 0.400
param_02_reso_max = 0.970
param_02_reso_min = 0.000
param_03_drive_default = 0.000
param_03_drive_max = 1.000
param_03_drive_min = 0.000
param_04_drvtype_default = 1.000
param_04_drvtype_max = 3.000
param_04_drvtype_min = 0.000
param_05_lfo_rate_default = 0.500
param_05_lfo_rate_max = 20.000
param_05_lfo_rate_min = 0.050
param_06_lfo_dpt_default = 0.000
param_06_lfo_dpt_max = 60.000
param_06_lfo_dpt_min = -60.000
param_07_lfo_shp_default = 0.000
param_07_lfo_shp_max = 3.000
param_07_lfo_shp_min = 0.000
param_08_lfo_sync_default = 0.000
param_08_lfo_sync_max = 1.000
param_08_lfo_sync_min = 0.000
param_09_lfo_div_default = 6.000
param_09_lfo_div_max = 16.000
param_09_lfo_div_min = 0.000
param_10_env_dpt_default = 0.000
param_10_env_dpt_max = 60.000
param_10_env_dpt_min = -60.000
param_11_env_atk_default = 5.000
param_11_env_atk_max = 200.000
param_11_env_atk_min = 0.100
param_12_env_rel_default = 120.000
param_12_env_rel_max = 1000.000
param_12_env_rel_min = 5.000
param_13_mix_default = 1.000
param_13_mix_max = 1.000
param_13_mix_min = 0.000
param_14_output_default = 0.000
param_14_output_max = 12.000
param_14_output_min = -24.000
params_count = 15.000
tone_band_air = -80.654
tone_band_body = -80.706
tone_band_kick = -102.197
tone_band_low = -99.036
tone_band_mid = 0.000
tone_band_presence = -85.004
tone_band_sub = -102.989
tone_gain_db = 0.260
tone_peak_db = -5.760
tone_thd_db = -99.768
