# Quality snapshot for delay. Regenerate deliberately:
#   SDSP_UPDATE_SNAPSHOTS=1 cargo test -p superduper-delay --test quality
# A change here is a change in how the plugin sounds.
impulse_peak_db = -3.742
impulse_rms_db = -48.635
noise_band_air = 0.000
noise_band_body = -12.005
noise_band_kick = -19.722
noise_band_low = -17.101
noise_band_mid = -7.050
noise_band_presence = -4.195
noise_band_sub = -22.409
noise_gain_db = -3.532
noise_max_step = 0.461
param_00_time_default = 350.000
param_00_time_max = 2000.000
param_00_time_min = 1.000
param_01_width_default = 30.000
param_01_width_max = 100.000
param_01_width_min = -100.000
param_02_feedback_default = 0.450
param_02_feedback_max = 0.950
param_02_feedback_min = 0.000
param_03_tone_default = 6500.000
param_03_tone_max = 20000.000
param_03_tone_min = 200.000
param_04_drive_default = 1.000
param_04_drive_max = 12.000
param_04_drive_min = 0.000
param_05_mix_default = 0.350
param_05_mix_max = 1.000
param_05_mix_min = 0.000
param_06_mode_default = 0.000
param_06_mode_max = 2.000
param_06_mode_min = 0.000
param_07_duck_amount_default = 0.000
param_07_duck_amount_max = 24.000
param_07_duck_amount_min = 0.000
param_08_duck_attack_default = 5.000
param_08_duck_attack_max = 200.000
param_08_duck_attack_min = 1.000
param_09_duck_release_default = 200.000
param_09_duck_release_max = 1000.000
param_09_duck_release_min = 10.000
param_10_time_sync_default = 0.000
param_10_time_sync_max = 1.000
param_10_time_sync_min = 0.000
param_11_time_div_default = 7.000
param_11_time_div_max = 11.000
param_11_time_div_min = 0.000
params_count = 12.000
tone_band_air = -54.919
tone_band_body = -61.121
tone_band_kick = -73.620
tone_band_low = -70.652
tone_band_mid = 0.000
tone_band_presence = -34.570
tone_band_sub = -74.580
tone_gain_db = -2.768
tone_peak_db = -7.757
tone_thd_db = -37.814
