# Quality snapshot for spectrum. Regenerate deliberately:
#   SDSP_UPDATE_SNAPSHOTS=1 cargo test -p superduper-spectrum --test quality
# A change here is a change in how the plugin sounds.
impulse_peak_db = 0.000
impulse_rms_db = -45.154
noise_band_air = 0.000
noise_band_body = -12.692
noise_band_kick = -19.786
noise_band_low = -17.271
noise_band_mid = -7.555
noise_band_presence = -4.386
noise_band_sub = -22.586
noise_gain_db = 0.000
noise_max_step = 0.593
param_00_fft_size_default = 2048.000
param_00_fft_size_max = 8192.000
param_00_fft_size_min = 1024.000
param_01_smoothing_default = 0.700
param_01_smoothing_max = 1.000
param_01_smoothing_min = 0.000
param_02_tilt_default = 4.500
param_02_tilt_max = 6.000
param_02_tilt_min = -6.000
param_03_mode_default = 0.000
param_03_mode_max = 2.000
param_03_mode_min = 0.000
param_04_palette_default = 0.000
param_04_palette_max = 2.000
param_04_palette_min = 0.000
param_05_window_default = 5.000
param_05_window_max = 30.000
param_05_window_min = 0.500
params_count = 6.000
tone_band_air = -79.294
tone_band_body = -80.699
tone_band_kick = -101.937
tone_band_low = -98.781
tone_band_mid = 0.000
tone_band_presence = -83.629
tone_band_sub = -102.729
tone_gain_db = 0.000
tone_peak_db = -6.021
tone_thd_db = -99.508
