# Quality snapshot for pitch. Regenerate deliberately:
#   SDSP_UPDATE_SNAPSHOTS=1 cargo test -p superduper-pitch --test quality
# A change here is a change in how the plugin sounds.
impulse_peak_db = 0.000
impulse_rms_db = -44.185
noise_band_air = 0.000
noise_band_body = -11.484
noise_band_kick = -19.820
noise_band_low = -19.001
noise_band_mid = -7.698
noise_band_presence = -4.544
noise_band_sub = -19.970
noise_gain_db = -1.514
noise_max_step = 0.593
tone_band_air = -42.592
tone_band_body = -18.249
tone_band_kick = -46.959
tone_band_low = -38.840
tone_band_mid = 0.000
tone_band_presence = -38.773
tone_band_sub = -56.252
tone_gain_db = -0.458
tone_peak_db = -6.021
tone_thd_db = -56.816
