# Quality snapshot for nam. Regenerate deliberately:
#   SDSP_UPDATE_SNAPSHOTS=1 cargo test -p superduper-nam --test quality
# A change here is a change in how the plugin sounds.
impulse_peak_db = -9.254
impulse_rms_db = -33.535
noise_band_air = -3.339
noise_band_body = -17.888
noise_band_kick = -15.093
noise_band_low = -16.636
noise_band_mid = -5.445
noise_band_presence = 0.000
noise_band_sub = -20.548
noise_gain_db = 0.148
noise_max_step = 0.528
param_00_input_default = 0.000
param_00_input_max = 24.000
param_00_input_min = -24.000
param_01_drive_default = 3.000
param_01_drive_max = 12.000
param_01_drive_min = 0.000
param_02_output_default = 0.000
param_02_output_max = 24.000
param_02_output_min = -24.000
param_03_mix_default = 1.000
param_03_mix_max = 1.000
param_03_mix_min = 0.000
param_04_tone_default = 0.000
param_04_tone_max = 1.000
param_04_tone_min = -1.000
params_count = 5.000
tone_band_air = -4.458
tone_band_body = -61.468
tone_band_kick = -47.012
tone_band_low = -51.074
tone_band_mid = -1.332
tone_band_presence = 0.000
tone_band_sub = -43.496
tone_gain_db = -9.763
tone_peak_db = -7.981
tone_thd_db = 2.455
