# Quality snapshot for pad. Regenerate deliberately:
#   SDSP_UPDATE_SNAPSHOTS=1 cargo test -p superduper-pad --test quality
# A change here is a change in how the plugin sounds.
note36_band_air = -60.233
note36_band_body = -32.505
note36_band_kick = 0.000
note36_band_low = -11.324
note36_band_mid = -67.904
note36_band_presence = -64.776
note36_band_sub = -4.680
note36_max_step = 0.028
note36_peak_db = -19.187
note36_rms_db = -28.933
note48_band_air = -62.407
note48_band_body = -13.721
note48_band_kick = -10.852
note48_band_low = 0.000
note48_band_mid = -52.292
note48_band_presence = -66.950
note48_band_sub = -32.340
note48_max_step = 0.063
note48_peak_db = -20.600
note48_rms_db = -26.887
note60_band_air = -63.672
note60_band_body = 0.000
note60_band_kick = -39.974
note60_band_low = -13.820
note60_band_mid = -26.783
note60_band_presence = -68.012
note60_band_sub = -39.646
note60_max_step = 0.016
note60_peak_db = -17.860
note60_rms_db = -25.802
note72_band_air = -63.329
note72_band_body = 0.000
note72_band_kick = -84.185
note72_band_low = -43.849
note72_band_mid = -13.642
note72_band_presence = -43.764
note72_band_sub = -40.032
note72_max_step = 0.014
note72_peak_db = -18.268
note72_rms_db = -26.024
param_00_cutoff_default = 3500.000
param_00_cutoff_max = 16000.000
param_00_cutoff_min = 80.000
param_01_resonance_default = 0.180
param_01_resonance_max = 0.900
param_01_resonance_min = 0.000
param_02_modulation_default = 6.000
param_02_modulation_max = 50.000
param_02_modulation_min = 0.000
param_03_drive_default = 0.200
param_03_drive_max = 1.000
param_03_drive_min = 0.000
param_04_width_default = 8.000
param_04_width_max = 30.000
param_04_width_min = 0.000
param_05_attack_default = 0.400
param_05_attack_max = 4.000
param_05_attack_min = 0.001
param_06_decay_default = 0.600
param_06_decay_max = 4.000
param_06_decay_min = 0.010
param_07_sustain_default = 0.800
param_07_sustain_max = 1.000
param_07_sustain_min = 0.000
param_08_release_default = 1.500
param_08_release_max = 8.000
param_08_release_min = 0.010
param_09_output_default = -8.000
param_09_output_max = 6.000
param_09_output_min = -36.000
param_10_bend_range_default = 2.000
param_10_bend_range_max = 24.000
param_10_bend_range_min = 0.000
param_11_env_delay_default = 0.000
param_11_env_delay_max = 4.000
param_11_env_delay_min = 0.000
param_12_env_hold_default = 0.000
param_12_env_hold_max = 4.000
param_12_env_hold_min = 0.000
param_13_polyphony_default = 8.000
param_13_polyphony_max = 16.000
param_13_polyphony_min = 2.000
param_14_preset_default = 0.000
param_14_preset_max = 10.000
param_14_preset_min = 0.000
params_count = 15.000
