# Quality snapshot for harmonic. Regenerate deliberately:
#   SDSP_UPDATE_SNAPSHOTS=1 cargo test -p superduper-harmonic --test quality
# A change here is a change in how the plugin sounds.
impulse_peak_db = -0.003
impulse_rms_db = -45.157
noise_band_air = 0.000
noise_band_body = -12.316
noise_band_kick = -19.267
noise_band_low = -17.316
noise_band_mid = -7.527
noise_band_presence = -4.467
noise_band_sub = -23.159
noise_gain_db = -4.529
noise_max_step = 0.539
tone_band_air = -31.405
tone_band_body = -38.364
tone_band_kick = -49.049
tone_band_low = -46.316
tone_band_mid = 0.000
tone_band_presence = -22.660
tone_band_sub = -51.852
tone_gain_db = -0.566
tone_peak_db = -6.021
tone_thd_db = -50.832
