# Quality snapshot for vocal. Regenerate deliberately:
#   SDSP_UPDATE_SNAPSHOTS=1 cargo test -p superduper-vocal --test quality
# A change here is a change in how the plugin sounds.
impulse_peak_db = -0.270
impulse_rms_db = -45.424
noise_band_air = 0.000
noise_band_body = -11.806
noise_band_kick = -18.896
noise_band_low = -16.378
noise_band_mid = -6.752
noise_band_presence = -5.221
noise_band_sub = -21.725
noise_gain_db = -0.673
noise_max_step = 0.616
param_00_ess_thr_default = -24.000
param_00_ess_thr_max = 0.000
param_00_ess_thr_min = -60.000
param_01_ess_freq_default = 6000.000
param_01_ess_freq_max = 10000.000
param_01_ess_freq_min = 2000.000
param_02_ess_amt_default = 6.000
param_02_ess_amt_max = 18.000
param_02_ess_amt_min = 0.000
param_03_ess_range_default = 1.000
param_03_ess_range_max = 1.000
param_03_ess_range_min = 0.000
param_04_clk_sens_default = 3.000
param_04_clk_sens_max = 8.000
param_04_clk_sens_min = 1.500
param_05_clk_amt_default = 12.000
param_05_clk_amt_max = 24.000
param_05_clk_amt_min = 0.000
param_06_clk_floor_default = -40.000
param_06_clk_floor_max = -20.000
param_06_clk_floor_min = -60.000
param_07_output_default = 0.000
param_07_output_max = 24.000
param_07_output_min = -24.000
param_08_mix_default = 1.000
param_08_mix_max = 1.000
param_08_mix_min = 0.000
param_09_lo_thr_default = -24.000
param_09_lo_thr_max = 0.000
param_09_lo_thr_min = -60.000
param_10_lo_freq_default = 1000.000
param_10_lo_freq_max = 3000.000
param_10_lo_freq_min = 300.000
param_11_lo_amt_default = 0.000
param_11_lo_amt_max = 18.000
param_11_lo_amt_min = 0.000
param_12_ext_key_default = 0.000
param_12_ext_key_max = 1.000
param_12_ext_key_min = 0.000
param_13_plos_on_default = 0.000
param_13_plos_on_max = 1.000
param_13_plos_on_min = 0.000
param_14_plos_thr_default = -24.000
param_14_plos_thr_max = 0.000
param_14_plos_thr_min = -60.000
param_15_plos_amt_default = 12.000
param_15_plos_amt_max = 24.000
param_15_plos_amt_min = 0.000
param_16_plos_freq_default = 120.000
param_16_plos_freq_max = 250.000
param_16_plos_freq_min = 40.000
param_17_hum_on_default = 0.000
param_17_hum_on_max = 1.000
param_17_hum_on_min = 0.000
param_18_hum_freq_default = 50.000
param_18_hum_freq_max = 60.000
param_18_hum_freq_min = 50.000
param_19_hum_str_default = 0.700
param_19_hum_str_max = 1.000
param_19_hum_str_min = 0.000
param_20_ess_track_default = 0.000
param_20_ess_track_max = 1.000
param_20_ess_track_min = 0.000
param_21_ess_listen_default = 0.000
param_21_ess_listen_max = 1.000
param_21_ess_listen_min = 0.000
param_22_sub_mode_default = 0.000
param_22_sub_mode_max = 1.000
param_22_sub_mode_min = 0.000
params_count = 23.000
tone_band_air = -79.271
tone_band_body = -81.034
tone_band_kick = -101.914
tone_band_low = -98.757
tone_band_mid = 0.000
tone_band_presence = -83.605
tone_band_sub = -102.706
tone_gain_db = -0.087
tone_peak_db = -6.021
tone_thd_db = -99.507
