# Quality snapshot for sampler. Regenerate deliberately:
#   SDSP_UPDATE_SNAPSHOTS=1 cargo test -p superduper-sampler --test quality
# A change here is a change in how the plugin sounds.
note36_band_air = 0.000
note36_band_body = -12.502
note36_band_kick = -21.533
note36_band_low = -18.523
note36_band_mid = -7.671
note36_band_presence = -4.543
note36_band_sub = -22.325
note36_max_step = 0.000
note36_peak_db = -240.000
note36_rms_db = -240.000
note48_band_air = 0.000
note48_band_body = -12.502
note48_band_kick = -21.533
note48_band_low = -18.523
note48_band_mid = -7.671
note48_band_presence = -4.543
note48_band_sub = -22.325
note48_max_step = 0.000
note48_peak_db = -240.000
note48_rms_db = -240.000
note60_band_air = 0.000
note60_band_body = -12.502
note60_band_kick = -21.533
note60_band_low = -18.523
note60_band_mid = -7.671
note60_band_presence = -4.543
note60_band_sub = -22.325
note60_max_step = 0.000
note60_peak_db = -240.000
note60_rms_db = -240.000
note72_band_air = 0.000
note72_band_body = -12.502
note72_band_kick = -21.533
note72_band_low = -18.523
note72_band_mid = -7.671
note72_band_presence = -4.543
note72_band_sub = -22.325
note72_max_step = 0.000
note72_peak_db = -240.000
note72_rms_db = -240.000
param_00_sample_default = 0.000
param_00_sample_max = 255.000
param_00_sample_min = 0.000
param_01_root_default = 60.000
param_01_root_max = 127.000
param_01_root_min = 0.000
param_02_tune_default = 0.000
param_02_tune_max = 24.000
param_02_tune_min = -24.000
param_03_fine_default = 0.000
param_03_fine_max = 100.000
param_03_fine_min = -100.000
param_04_loop_default = 0.000
param_04_loop_max = 1.000
param_04_loop_min = 0.000
param_05_loop_start_default = 0.000
param_05_loop_start_max = 1.000
param_05_loop_start_min = 0.000
param_06_loop_end_default = 1.000
param_06_loop_end_max = 1.000
param_06_loop_end_min = 0.000
param_07_attack_default = 0.001
param_07_attack_max = 4.000
param_07_attack_min = 0.000
param_08_decay_default = 0.500
param_08_decay_max = 8.000
param_08_decay_min = 0.010
param_09_sustain_default = 1.000
param_09_sustain_max = 1.000
param_09_sustain_min = 0.000
param_10_release_default = 0.400
param_10_release_max = 8.000
param_10_release_min = 0.010
param_11_output_default = -3.000
param_11_output_max = 6.000
param_11_output_min = -36.000
param_12_start_default = 0.000
param_12_start_max = 1.000
param_12_start_min = 0.000
param_13_end_default = 1.000
param_13_end_max = 1.000
param_13_end_min = 0.000
param_14_reverse_default = 0.000
param_14_reverse_max = 1.000
param_14_reverse_min = 0.000
param_15_filter_default = 0.000
param_15_filter_max = 4.000
param_15_filter_min = 0.000
param_16_cutoff_default = 95.000
param_16_cutoff_max = 127.000
param_16_cutoff_min = 0.000
param_17_reso_default = 0.100
param_17_reso_max = 0.970
param_17_reso_min = 0.000
param_18_env>cutoff_default = 0.000
param_18_env>cutoff_max = 60.000
param_18_env>cutoff_min = -60.000
param_19_vel>amp_default = 1.000
param_19_vel>amp_max = 1.000
param_19_vel>amp_min = 0.000
param_20_vel>cut_default = 0.000
param_20_vel>cut_max = 60.000
param_20_vel>cut_min = -60.000
params_count = 21.000
