# Quality snapshot for sampler. Regenerate deliberately:
#   SDSP_UPDATE_SNAPSHOTS=1 cargo test -p superduper-sampler --test quality
# A change here is a change in how the plugin sounds.
note36_band_air = 0.000
note36_band_body = -12.502
note36_band_kick = -21.533
note36_band_low = -18.523
note36_band_mid = -7.671
note36_band_presence = -4.543
note36_band_sub = -22.325
note36_max_step = 0.000
note36_peak_db = -240.000
note36_rms_db = -240.000
note48_band_air = 0.000
note48_band_body = -12.502
note48_band_kick = -21.533
note48_band_low = -18.523
note48_band_mid = -7.671
note48_band_presence = -4.543
note48_band_sub = -22.325
note48_max_step = 0.000
note48_peak_db = -240.000
note48_rms_db = -240.000
note60_band_air = 0.000
note60_band_body = -12.502
note60_band_kick = -21.533
note60_band_low = -18.523
note60_band_mid = -7.671
note60_band_presence = -4.543
note60_band_sub = -22.325
note60_max_step = 0.000
note60_peak_db = -240.000
note60_rms_db = -240.000
note72_band_air = 0.000
note72_band_body = -12.502
note72_band_kick = -21.533
note72_band_low = -18.523
note72_band_mid = -7.671
note72_band_presence = -4.543
note72_band_sub = -22.325
note72_max_step = 0.000
note72_peak_db = -240.000
note72_rms_db = -240.000
