# Quality snapshot for reverb. Regenerate deliberately:
#   SDSP_UPDATE_SNAPSHOTS=1 cargo test -p superduper-reverb --test quality
# A change here is a change in how the plugin sounds.
impulse_peak_db = -3.098
impulse_rms_db = -47.376
noise_band_air = 0.000
noise_band_body = -11.512
noise_band_kick = -18.944
noise_band_low = -17.149
noise_band_mid = -6.623
noise_band_presence = -3.622
noise_band_sub = -22.283
noise_gain_db = -2.495
noise_max_step = 0.509
param_00_size_default = 0.700
param_00_size_max = 1.500
param_00_size_min = 0.100
param_01_decay_default = 0.700
param_01_decay_max = 0.950
param_01_decay_min = 0.000
param_02_damping_default = 0.400
param_02_damping_max = 1.000
param_02_damping_min = 0.000
param_03_pre-delay_default = 10.000
param_03_pre-delay_max = 200.000
param_03_pre-delay_min = 0.000
param_04_modulation_default = 0.300
param_04_modulation_max = 1.000
param_04_modulation_min = 0.000
param_05_width_default = 1.000
param_05_width_max = 1.000
param_05_width_min = 0.000
param_06_mix_default = 0.300
param_06_mix_max = 1.000
param_06_mix_min = 0.000
param_07_duck_amount_default = 0.000
param_07_duck_amount_max = 24.000
param_07_duck_amount_min = 0.000
param_08_duck_attack_default = 5.000
param_08_duck_attack_max = 200.000
param_08_duck_attack_min = 1.000
param_09_duck_release_default = 150.000
param_09_duck_release_max = 1000.000
param_09_duck_release_min = 10.000
param_10_pd_sync_default = 0.000
param_10_pd_sync_max = 1.000
param_10_pd_sync_min = 0.000
param_11_pd_div_default = 10.000
param_11_pd_div_max = 11.000
param_11_pd_div_min = 0.000
param_12_freeze_default = 0.000
param_12_freeze_max = 1.000
param_12_freeze_min = 0.000
params_count = 13.000
tone_band_air = -62.880
tone_band_body = -37.213
tone_band_kick = -49.479
tone_band_low = -45.384
tone_band_mid = 0.000
tone_band_presence = -53.099
tone_band_sub = -55.073
tone_gain_db = -4.171
tone_peak_db = -6.364
tone_thd_db = -66.251
