# Quality snapshot for kubyz. Regenerate deliberately:
#   SDSP_UPDATE_SNAPSHOTS=1 cargo test -p superduper-kubyz --test quality
# A change here is a change in how the plugin sounds.
note36_band_air = -46.510
note36_band_body = 0.000
note36_band_kick = -57.555
note36_band_low = -27.566
note36_band_mid = -14.619
note36_band_presence = -51.054
note36_band_sub = -68.354
note36_max_step = 0.003
note36_peak_db = -27.968
note36_rms_db = -42.932
note48_band_air = -57.804
note48_band_body = 0.000
note48_band_kick = -54.527
note48_band_low = -44.359
note48_band_mid = -7.761
note48_band_presence = -43.551
note48_band_sub = -80.129
note48_max_step = 0.011
note48_peak_db = -21.191
note48_rms_db = -31.739
note60_band_air = -48.895
note60_band_body = -17.748
note60_band_kick = -77.097
note60_band_low = -68.175
note60_band_mid = 0.000
note60_band_presence = -19.203
note60_band_sub = -77.889
note60_max_step = 0.018
note60_peak_db = -22.796
note60_rms_db = -33.918
note72_band_air = -33.159
note72_band_body = -40.040
note72_band_kick = -71.311
note72_band_low = -68.301
note72_band_mid = -12.772
note72_band_presence = 0.000
note72_band_sub = -72.103
note72_max_step = 0.018
note72_peak_db = -28.043
note72_rms_db = -39.592
