# Quality snapshot for kubyz. Regenerate deliberately:
#   SDSP_UPDATE_SNAPSHOTS=1 cargo test -p superduper-kubyz --test quality
# A change here is a change in how the plugin sounds.
note36_band_air = -46.510
note36_band_body = 0.000
note36_band_kick = -57.555
note36_band_low = -27.566
note36_band_mid = -14.619
note36_band_presence = -51.054
note36_band_sub = -68.354
note36_max_step = 0.003
note36_peak_db = -27.968
note36_rms_db = -42.932
note48_band_air = -57.804
note48_band_body = 0.000
note48_band_kick = -54.527
note48_band_low = -44.359
note48_band_mid = -7.761
note48_band_presence = -43.551
note48_band_sub = -80.129
note48_max_step = 0.011
note48_peak_db = -21.191
note48_rms_db = -31.739
note60_band_air = -48.895
note60_band_body = -17.748
note60_band_kick = -77.097
note60_band_low = -68.175
note60_band_mid = 0.000
note60_band_presence = -19.203
note60_band_sub = -77.889
note60_max_step = 0.018
note60_peak_db = -22.796
note60_rms_db = -33.918
note72_band_air = -33.159
note72_band_body = -40.040
note72_band_kick = -71.311
note72_band_low = -68.301
note72_band_mid = -12.772
note72_band_presence = 0.000
note72_band_sub = -72.103
note72_max_step = 0.018
note72_peak_db = -28.043
note72_rms_db = -39.592
param_00_f1_default = 705.000
param_00_f1_max = 1500.000
param_00_f1_min = 80.000
param_01_f2_default = 1301.000
param_01_f2_max = 3500.000
param_01_f2_min = 200.000
param_02_f3_default = 2165.000
param_02_f3_max = 6000.000
param_02_f3_min = 600.000
param_03_voxmix_default = 0.600
param_03_voxmix_max = 1.000
param_03_voxmix_min = 0.000
param_04_vel_shift_default = 0.150
param_04_vel_shift_max = 0.500
param_04_vel_shift_min = 0.000
param_05_bright_default = 1.000
param_05_bright_max = 2.000
param_05_bright_min = 0.000
param_06_attack_default = 0.039
param_06_attack_max = 2.000
param_06_attack_min = 0.001
param_07_decay_default = 0.210
param_07_decay_max = 4.000
param_07_decay_min = 0.010
param_08_sustain_default = 0.130
param_08_sustain_max = 1.000
param_08_sustain_min = 0.000
param_09_release_default = 0.150
param_09_release_max = 4.000
param_09_release_min = 0.010
param_10_output_default = -8.000
param_10_output_max = 6.000
param_10_output_min = -36.000
param_11_tongue_st_default = 0.000
param_11_tongue_st_max = 36.000
param_11_tongue_st_min = -36.000
param_12_mouth_shp_default = 0.000
param_12_mouth_shp_max = 4.000
param_12_mouth_shp_min = 0.000
param_13_mouth_rate_default = 1.500
param_13_mouth_rate_max = 20.000
param_13_mouth_rate_min = 0.050
param_14_mouth_dep_default = 0.000
param_14_mouth_dep_max = 1.000
param_14_mouth_dep_min = 0.000
param_15_mouth_stereo_default = 0.000
param_15_mouth_stereo_max = 1.000
param_15_mouth_stereo_min = 0.000
param_16_bend_range_default = 2.000
param_16_bend_range_max = 24.000
param_16_bend_range_min = 0.000
param_17_m_sync_default = 0.000
param_17_m_sync_max = 1.000
param_17_m_sync_min = 0.000
param_18_m_div_default = 4.000
param_18_m_div_max = 11.000
param_18_m_div_min = 0.000
param_19_preset_default = 1.000
param_19_preset_max = 4.000
param_19_preset_min = 0.000
params_count = 20.000
